---
source: crates/kit-tui/src/ui/mod.rs
expression: frame
---
"       need 60×12 — maximize this terminal (now 60×8)       "
"                                                            "
"                                                            "
"                                                            "
"                                                            "
"                                                            "
"                                                            "
"                                                            "
