---
source: crates/kit-tui/src/ui/mod.rs
assertion_line: 1221
expression: frame
---
"KIT / DISPATCH                                                         fan-out 1"
"┌ repos (space) ───┐┌ agents (space) ────────────┐┌ roles (space) ─────────────┐"
"│▶ [x] kit         ││  [x] ✻  claude  ready      ││  [x] frontend              │"
"│  [ ] guardian    ││  [ ] >_ codex   missing    ││  [ ] backend               │"
"│                  ││  [ ] ⊘  grok    needs KIT_…││  [ ] security              │"
"│                  ││  [ ] ◉  ollama  missing    ││  [ ] product               │"
"│                  ││                            ││                            │"
"│                  ││                            ││                            │"
"│                  ││                            ││                            │"
"│                  ││                            ││                            │"
"│                  ││                            ││                            │"
"└──────────────────┘└────────────────────────────┘└────────────────────────────┘"
"┌ task ────────────────────────────────────────────────────────────────────────┐"
"│port guard.js across the monorepo                                             │"
"└──────────────────────────────────────────────────────────────────────────────┘"
" [esc] back  [tab] field  [↑↓] move  [space] toggle  [enter] submit             "
