---
source: crates/kit-tui/src/ui/mod.rs
expression: frame
---
"KIT / ATTACHED  trenchwire · codex·eng · fix red CI  · enter open · r retry     "
"                                                                                "
"┌ attach ──────────────────────────────────────────────────────────────────────┐"
"│Attach is not available.                                                      │"
"│                                                                              │"
"│Esc goes back without stopping the run.                                       │"
"│                                                                              │"
"│                                                                              │"
"│                                                                              │"
"│                                                                              │"
"└──────────────────────────────────────────────────────────────────────────────┘"
" [esc] detach  [?] help                                                         "
