---
source: crates/kit-tui/src/ui/mod.rs
expression: frame
---
"         terminal too small — need 60×12 (now 60×8)         "
"                                                            "
"                                                            "
"                                                            "
"                                                            "
"                                                            "
"                                                            "
"                                                            "
