---
source: crates/kit-tui/src/ui/mod.rs
expression: frame
---
"KIT / DISPATCH                                                                  "
"┌ repos (space) ───────────────────────┐┌ agents (space) ──────────────────────┐"
"│> [x] kit                             ││  [x] codex                           │"
"│  [ ] guardian                        ││  [ ] claude                          │"
"│  [ ] trenchwire                      ││  [ ] grok                            │"
"│                                      ││  [ ] ollama                          │"
"│                                      ││                                      │"
"│                                      ││                                      │"
"│                                      ││                                      │"
"│                                      ││                                      │"
"│                                      ││                                      │"
"│                                      ││                                      │"
"└──────────────────────────────────────┘└──────────────────────────────────────┘"
"┌ task ────────────────────────────────────────────────────────────────────────┐"
"└──────────────────────────────────────────────────────────────────────────────┘"
" [esc] back  [tab] field  [space] toggle  [enter] submit                        "
