---
source: crates/kit-tui/src/ui/mod.rs
expression: frame
---
"KIT / CONTROL ROOM                [ALL]  0 RUNNING  0 GATING  0 FAIL  ·  14 past"
"┌ runs ────────────────────────────────────────────────────────────────────────┐"
"│REPO           AGENT        TASK                    STATE        GATE         │"
"│── earlier · from receipts  ·  d  give your agents a task ────────────────────│"
"│▶ shop         claude·eng   make the parser strict  DONE 5m ago  FAIL         │"
"│^ npm test: 2 failing                                                         │"
"│  shop         codex·eng    fix the failing test    NO CHANGES   PASS         │"
"│  shop         claude·eng   add a greeting file     DONE 3d ago  PASS         │"
"│  ↓ 11 more · kit receipt                                                     │"
"│                                                                              │"
"│                                                                              │"
"│                                                                              │"
"│                                                                              │"
"│                                                                              │"
"└──────────────────────────────────────────────────────────────────────────────┘"
" [↑↓] select  [d]ispatch  [b]oard  [enter] open  [g]ate  [r]etry  [?]help       "
