---
source: crates/kit-tui/src/ui/mod.rs
expression: frame
---
"KIT / CONTROL ROOM                                codex ready  ·  claude missing"
"┌──────────────────────────────────────────────────────────────────────────────┐"
"│                                                                              │"
"│                               Ready to dispatch                              │"
"│    press d to fan out agents  ·  kit --demo to see FAIL + retry  ·  ? help   │"
"│                                                                              │"
"│                                                                              │"
"│                                                                              │"
"│                                                                              │"
"│                                                                              │"
"└──────────────────────────────────────────────────────────────────────────────┘"
" [↑↓] select  [d]ispatch  [enter] open  [g]ate  [k]ill  [r]etry  [?]help        "
