---
source: crates/kit-tui/src/ui/mod.rs
expression: frame
---
"KIT / CONTROL ROOM                            [ALL]  0 RUNNING  0 GATING  0 FAIL"
"┌──────────────────────────────────────────────────────────────────────────────┐"
"│                                                                              │"
"│                                  No runs yet                                 │"
"│        press d to dispatch  ·  kit --demo for fixture data  ·  ? help        │"
"│                                                                              │"
"│                                                                              │"
"│                                                                              │"
"│                                                                              │"
"│                                                                              │"
"└──────────────────────────────────────────────────────────────────────────────┘"
" [↑↓] select  [d]ispatch  [enter] open  [g]ate  [k]ill  [r]etry  [?]help        "
