---
source: crates/kit-tui/src/ui/mod.rs
expression: frame
---
"KIT / ┌ help ────────────────────────────────────────────────────────────┐1 FAIL"
"┌ runs│Kit Control Room — keys                                           │─────┐"
"│REPO │Global                                                            │     │"
"│  kit│  ?          toggle this help                                     │     │"
"│  kit│  Esc        back / close help                                    │     │"
"│▶ tre│  q          quit (Control Room only; disabled while attached)    │     │"
"│^ tsc│Control Room                                                      │     │"
"│  gua│  ↑↓         move selection                                       │     │"
"│     │  Enter      open run detail (stream)                             │     │"
"│     │  g          open gate log                                        │     │"
"│     │  d          dispatch fan-out                                     │     │"
"│     │  k          kill selected run                                    │     │"
"└─────│  r          retry FAIL only                                      │─────┘"
" [↑↓] └──────────────────────────────────────────────────────────────────┘      "
