---
source: crates/kit-tui/src/ui/mod.rs
expression: frame
---
"KIT / BOARD                                                      0 open  0 total"
"┌──────────────────────────────────────────────────────────────────────────────┐"
"│                                                                              │"
"│                                Nothing queued                                │"
"│             press n to add a task  ·  Enter sends it to Dispatch             │"
"│                                                                              │"
"│                                                                              │"
"│                                                                              │"
"│                                                                              │"
"│                                                                              │"
"│                                                                              │"
"│                                                                              │"
"└──────────────────────────────────────────────────────────────────────────────┘"
" [esc] back  [n]ew  [enter] dispatch  [space] done  [x] remove                  "
