---
source: crates/kit-tui/src/ui/mod.rs
expression: frame
---
"KIT / CONTROL ROOM                        2 RUNNING  0 GATED"
"┌──────────────────────────────────────────────────────────┐"
"│REPO          AGENT   TASK              STATE    GATE     │"
"│> kit         codex   port guard.js     RUN 2m   --       │"
"│  kit         grok    frame clock       RUN 2m   --       │"
"│  trenchwire  codex   fix red CI        DONE     FAIL     │"
"│                          ^ tsc: 3 erro                   │"
"│  guardian    claude  855-case suite    DONE     PASS     │"
"│                                                          │"
"│                                                          │"
"└──────────────────────────────────────────────────────────┘"
" [d]ispatch  [enter] open  [g]ate log  [k]ill  [r]etry      "
