---
source: crates/kit-tui/src/ui/mod.rs
expression: frame
---
"KIT / DISPATCH  · enter open · r retry                                 fan-out 1"
"┌ repos (space) ─────┐┌ agents (space) ───────────┐┌ personas (space) ─────────┐"
"│▶ [x] kit-tui · this││  [x] claude               ││  [x] eng                  │"
"│                    ││  [ ] codex                ││  [ ] product              │"
"│                    ││  [ ] grok  needs KIT_FULL…││  [ ] design               │"
"│                    ││  [ ] ollama               ││  [ ] qa                   │"
"│                    ││                           ││                           │"
"│                    ││                           ││                           │"
"│                    ││                           ││                           │"
"│                    ││                           ││                           │"
"│                    ││                           ││                           │"
"└────────────────────┘└───────────────────────────┘└───────────────────────────┘"
"┌ task ────────────────────────────────────────────────────────────────────────┐"
"│port guard.js across the monorepo                                             │"
"└──────────────────────────────────────────────────────────────────────────────┘"
" [esc] back  [tab] field  [↑↓] move  [space] toggle  [enter] submit             "
