---
source: crates/kit-tui/src/ui/mod.rs
expression: frame
---
"KIT / BOARD                                                      0 open  0 total"
"┌──────────────────────────────────────────────────────────────────────────────┐"
"│                                                                              │"
"│                                Nothing queued                                │"
"│       n adds a task  ·  Enter sends it to Dispatch  ·  not a live queue      │"
"│                                                                              │"
"│                                                                              │"
"│                                                                              │"
"│                                                                              │"
"│                                                                              │"
"│                                                                              │"
"│                                                                              │"
"└──────────────────────────────────────────────────────────────────────────────┘"
" [esc] back  [n]ew  [enter] dispatch  [space] done  [x] remove  prefill-only 1.0"
