---
source: crates/kit-tui/src/ui/mod.rs
expression: frame
---
"KIT / CONTROL ROOM                                codex ready  ·  claude missing"
"┌──────────────────────────────────────────────────────────────────────────────┐"
"│                                                                              │"
"│                                  No runs yet                                 │"
"│      press d to give your agents a task  ·  ? help  ·  or try kit --demo     │"
"│                                                                              │"
"│                                                                              │"
"│                                                                              │"
"│                                                                              │"
"│                                                                              │"
"└──────────────────────────────────────────────────────────────────────────────┘"
" [↑↓] select  [d]ispatch  [b]oard  [g]ate  [k]ill  [r]etry  [?]help             "
