---
source: crates/kit-tui/src/ui/mod.rs
expression: frame
---
"KIT / CONTROL ROOM                            [ALL]  1 RUNNING  1 GATING  1 FAIL"
"┌ runs ────────────────────────────────────────────────────────────────────────┐"
"│REPO           AGENT        TASK                    STATE        GATE         │"
"│  kit          codex·eng    port guard.js           RUN 2m       --           │"
"│  kit          grok·eng     frame clock             GATING 2m    --           │"
"│▶ trenchwire   codex·eng    fix red CI              DONE         FAIL         │"
"│^ tsc: 3 errors — Type 'string' is not assignable                             │"
"│  guardian     claude·eng   855-case suite          DONE         PASS         │"
"│                                                                              │"
"│                                                                              │"
"│                                                                              │"
"│                                                                              │"
"└──────────────────────────────────────────────────────────────────────────────┘"
" [↑↓] select  [d]ispatch  [enter] open  [g]ate  [k]ill  [r]etry  [?]help        "
