---
source: crates/kit-tui/src/ui/mod.rs
expression: frame
---
"KIT / CONTROL ROOM                        0 RUNNING  0 GATED"
"┌──────────────────────────────────────────────────────────┐"
"│REPO          AGENT   TASK              STATE    GATE     │"
"│                                                          │"
"│                                                          │"
"│                                                          │"
"└──────────────────────────────────────────────────────────┘"
" [d]ispatch  [b]oard  [enter] open  [g]ate log  [k]ill  [r]e"
